[*] args: {'dataname': 'csl_lift3d', 'tokens_dir': 'D:\\Graduate thesis\\sign_slp_paper_release\\checkpoints\\csl\\tokens\\vq_M1', 'vq_ckpt': 'D:\\Graduate thesis\\sign_slp_paper_release\\checkpoints\\csl\\vq\\vq_M1.pt', 'exp_name': 'M1_large_glossfree', 'out_dir': 'D:\\Graduate thesis\\sign_slp_paper_release\\checkpoints\\csl\\trans\\_train_M1_large_glossfree', 'mbart_name': 'facebook/mbart-large-50', 'lang': 'zh_CN', 'text_encoder': 'char', 'char_vocab_path': None, 'char_enc_layers': 2, 'char_enc_dim': 0, 'char_enc_heads': 8, 'char_enc_dropout': 0.1, 'num_vq': 3072, 'embed_dim': 512, 'text_dim': 1024, 'block_size': 320, 'num_layers': 8, 'n_head': 8, 'drop_out_rate': 0.1, 'fc_rate': 4, 'align_dim': 0, 'lambda_align': 0.1, 'predict_length': 0, 'lambda_length': 0.2, 'gloss_supervised': 0, 'gloss_vocab_path': None, 'gloss_dec_layers': 2, 'gloss_dec_dim': 256, 'gloss_dec_heads': 4, 'gloss_max_len': 48, 'lambda_gloss': 0.5, 'batch_size': 16, 'total_iter': 30000, 'warm_up_iter': 1000, 'lr': 0.0001, 'lr_scheduler': [12000, 22000], 'gamma': 0.3, 'weight_decay': 1e-05, 'max_text_len': 128, 'freeze_text': 1, 'label_smoothing': 0.0, 'motion_token_mask_prob': 0.0, 'print_iter': 200, 'eval_iter': 1000, 'save_iter': 10000, 'num_workers': 0, 'seed': 42, 'device': 'cuda', 'early_stop_patience': 6, 'early_stop_min_delta': 0.001, 'min_iter_before_early_stop': 23000, 'max_no_improve_iter': 8000}
[*] building char-level text encoder from scratch (Walsh-style)
[*] CharTokenizer: vocab_size=2281 from D:\Graduate thesis\sign_slp_paper_release\data\csl\char_vocab\txt.vocab
[*] CharTextEncoder: 7.54M params, 2L embed 512 heads 8
[*] train: 18400, dev: 1077
[*] CrossAttn Trans params: 37.21M
[*] including text_enc params in optimizer (text_encoder=char)
[*] FIX C: max_no_improve_iter = 8000 (hard stop if no new best for this many iters, regardless of lr resets)
iter      0 | lr 0.000000 | ce 8.1457 | elapsed 0s
iter    200 | lr 0.000020 | ce 7.9837 | elapsed 15s
iter    400 | lr 0.000040 | ce 7.9455 | elapsed 29s
iter    600 | lr 0.000060 | ce 7.6996 | elapsed 44s
iter    800 | lr 0.000080 | ce 7.0149 | elapsed 59s
iter   1000 | lr 0.000100 | ce 6.3667 | elapsed 73s
    >> DEV iter 1000 ce=6.3007
    >> SAVED best @ dev ce 6.3007 (iter 1000)
iter   1200 | lr 0.000100 | ce 6.0422 | elapsed 90s
iter   1400 | lr 0.000100 | ce 5.6288 | elapsed 104s
iter   1600 | lr 0.000100 | ce 5.3228 | elapsed 117s
iter   1800 | lr 0.000100 | ce 5.1409 | elapsed 133s
iter   2000 | lr 0.000100 | ce 4.8343 | elapsed 149s
    >> DEV iter 2000 ce=4.8485
    >> SAVED best @ dev ce 4.8485 (iter 2000)
iter   2200 | lr 0.000100 | ce 4.7892 | elapsed 167s
iter   2400 | lr 0.000100 | ce 4.5659 | elapsed 181s
iter   2600 | lr 0.000100 | ce 4.4032 | elapsed 197s
iter   2800 | lr 0.000100 | ce 4.2964 | elapsed 212s
iter   3000 | lr 0.000100 | ce 4.2661 | elapsed 227s
    >> DEV iter 3000 ce=4.2362
    >> SAVED best @ dev ce 4.2362 (iter 3000)
iter   3200 | lr 0.000100 | ce 4.1620 | elapsed 243s
iter   3400 | lr 0.000100 | ce 3.9961 | elapsed 259s
iter   3600 | lr 0.000100 | ce 4.0327 | elapsed 274s
iter   3800 | lr 0.000100 | ce 4.0617 | elapsed 288s
iter   4000 | lr 0.000100 | ce 3.9569 | elapsed 303s
    >> DEV iter 4000 ce=4.0124
    >> SAVED best @ dev ce 4.0124 (iter 4000)
iter   4200 | lr 0.000100 | ce 4.0123 | elapsed 321s
iter   4400 | lr 0.000100 | ce 3.9904 | elapsed 335s
iter   4600 | lr 0.000100 | ce 3.8996 | elapsed 349s
iter   4800 | lr 0.000100 | ce 3.8181 | elapsed 363s
iter   5000 | lr 0.000100 | ce 3.8019 | elapsed 377s
    >> DEV iter 5000 ce=3.9104
    >> SAVED best @ dev ce 3.9104 (iter 5000)
iter   5200 | lr 0.000100 | ce 3.8933 | elapsed 393s
iter   5400 | lr 0.000100 | ce 3.9160 | elapsed 410s
iter   5600 | lr 0.000100 | ce 3.9769 | elapsed 424s
iter   5800 | lr 0.000100 | ce 3.9499 | elapsed 439s
iter   6000 | lr 0.000100 | ce 3.8386 | elapsed 449s
    >> DEV iter 6000 ce=3.8563
    >> SAVED best @ dev ce 3.8563 (iter 6000)
iter   6200 | lr 0.000100 | ce 3.7118 | elapsed 460s
iter   6400 | lr 0.000100 | ce 3.7881 | elapsed 471s
iter   6600 | lr 0.000100 | ce 3.9872 | elapsed 481s
iter   6800 | lr 0.000100 | ce 3.7645 | elapsed 492s
iter   7000 | lr 0.000100 | ce 3.8039 | elapsed 502s
    >> DEV iter 7000 ce=3.8145
    >> SAVED best @ dev ce 3.8145 (iter 7000)
iter   7200 | lr 0.000100 | ce 3.6412 | elapsed 513s
iter   7400 | lr 0.000100 | ce 3.7334 | elapsed 524s
iter   7600 | lr 0.000100 | ce 3.7676 | elapsed 538s
iter   7800 | lr 0.000100 | ce 3.7023 | elapsed 553s
iter   8000 | lr 0.000100 | ce 3.6864 | elapsed 567s
    >> DEV iter 8000 ce=3.7792
    >> SAVED best @ dev ce 3.7792 (iter 8000)
iter   8200 | lr 0.000100 | ce 3.5122 | elapsed 583s
iter   8400 | lr 0.000100 | ce 3.7319 | elapsed 597s
iter   8600 | lr 0.000100 | ce 3.4757 | elapsed 611s
iter   8800 | lr 0.000100 | ce 3.4974 | elapsed 625s
iter   9000 | lr 0.000100 | ce 3.4699 | elapsed 639s
    >> DEV iter 9000 ce=3.7639
    >> SAVED best @ dev ce 3.7639 (iter 9000)
iter   9200 | lr 0.000100 | ce 3.4059 | elapsed 655s
iter   9400 | lr 0.000100 | ce 3.5923 | elapsed 669s
iter   9600 | lr 0.000100 | ce 3.4496 | elapsed 683s
iter   9800 | lr 0.000100 | ce 3.6976 | elapsed 697s
iter  10000 | lr 0.000100 | ce 3.5239 | elapsed 711s
    >> DEV iter 10000 ce=3.7434
    >> SAVED best @ dev ce 3.7434 (iter 10000)
iter  10200 | lr 0.000100 | ce 3.6354 | elapsed 727s
iter  10400 | lr 0.000100 | ce 3.6885 | elapsed 741s
iter  10600 | lr 0.000100 | ce 3.5905 | elapsed 756s
iter  10800 | lr 0.000100 | ce 3.5314 | elapsed 770s
iter  11000 | lr 0.000100 | ce 3.5973 | elapsed 785s
    >> DEV iter 11000 ce=3.7350
    >> SAVED best @ dev ce 3.7350 (iter 11000)
iter  11200 | lr 0.000100 | ce 3.4924 | elapsed 801s
iter  11400 | lr 0.000100 | ce 3.5091 | elapsed 815s
iter  11600 | lr 0.000100 | ce 3.4559 | elapsed 829s
iter  11800 | lr 0.000100 | ce 3.3143 | elapsed 845s
iter  12000 | lr 0.000100 | ce 3.4935 | elapsed 860s
    >> DEV iter 12000 ce=3.7306
    >> SAVED best @ dev ce 3.7306 (iter 12000)
iter  12200 | lr 0.000100 | ce 3.4215 | elapsed 876s
iter  12400 | lr 0.000100 | ce 3.3676 | elapsed 891s
iter  12600 | lr 0.000100 | ce 3.4784 | elapsed 905s
iter  12800 | lr 0.000100 | ce 3.4548 | elapsed 920s
iter  13000 | lr 0.000030 | ce 3.4927 | elapsed 934s
    >> DEV iter 13000 ce=3.7324
    >> no improvement (1/6), best still 3.7306 @ iter 12000
iter  13200 | lr 0.000030 | ce 3.3967 | elapsed 950s
iter  13400 | lr 0.000030 | ce 3.3734 | elapsed 964s
iter  13600 | lr 0.000030 | ce 3.4567 | elapsed 978s
iter  13800 | lr 0.000030 | ce 3.3353 | elapsed 994s
iter  14000 | lr 0.000030 | ce 3.4511 | elapsed 1008s
    >> DEV iter 14000 ce=3.6973
    >> SAVED best @ dev ce 3.6973 (iter 14000)
iter  14200 | lr 0.000030 | ce 3.1989 | elapsed 1024s
iter  14400 | lr 0.000030 | ce 3.1982 | elapsed 1039s
iter  14600 | lr 0.000030 | ce 3.2530 | elapsed 1053s
iter  14800 | lr 0.000030 | ce 3.3169 | elapsed 1068s
iter  15000 | lr 0.000030 | ce 3.1881 | elapsed 1083s
    >> DEV iter 15000 ce=3.6988
    >> no improvement (1/6), best still 3.6973 @ iter 14000
iter  15200 | lr 0.000030 | ce 3.4138 | elapsed 1099s
iter  15400 | lr 0.000030 | ce 3.0996 | elapsed 1114s
iter  15600 | lr 0.000030 | ce 3.3602 | elapsed 1129s
iter  15800 | lr 0.000030 | ce 3.3040 | elapsed 1144s
iter  16000 | lr 0.000030 | ce 3.2631 | elapsed 1159s
    >> DEV iter 16000 ce=3.7018
    >> no improvement (2/6), best still 3.6973 @ iter 14000
iter  16200 | lr 0.000030 | ce 3.1312 | elapsed 1174s
iter  16400 | lr 0.000030 | ce 3.2655 | elapsed 1188s
iter  16600 | lr 0.000030 | ce 3.3679 | elapsed 1202s
iter  16800 | lr 0.000030 | ce 3.0850 | elapsed 1218s
iter  17000 | lr 0.000030 | ce 3.3835 | elapsed 1232s
    >> DEV iter 17000 ce=3.7078
    >> no improvement (3/6), best still 3.6973 @ iter 14000
iter  17200 | lr 0.000030 | ce 3.3164 | elapsed 1248s
iter  17400 | lr 0.000030 | ce 3.2541 | elapsed 1262s
iter  17600 | lr 0.000030 | ce 3.2745 | elapsed 1277s
iter  17800 | lr 0.000030 | ce 3.5404 | elapsed 1293s
iter  18000 | lr 0.000030 | ce 3.1788 | elapsed 1307s
    >> DEV iter 18000 ce=3.7113
    >> no improvement (4/6), best still 3.6973 @ iter 14000
iter  18200 | lr 0.000030 | ce 3.1966 | elapsed 1323s
iter  18400 | lr 0.000030 | ce 3.1630 | elapsed 1337s
iter  18600 | lr 0.000030 | ce 3.1835 | elapsed 1351s
iter  18800 | lr 0.000030 | ce 3.2038 | elapsed 1366s
iter  19000 | lr 0.000030 | ce 3.2107 | elapsed 1380s
    >> DEV iter 19000 ce=3.7257
    >> no improvement (5/6), best still 3.6973 @ iter 14000
iter  19200 | lr 0.000030 | ce 3.3300 | elapsed 1398s
iter  19400 | lr 0.000030 | ce 3.0381 | elapsed 1414s
iter  19600 | lr 0.000030 | ce 3.3032 | elapsed 1429s
iter  19800 | lr 0.000030 | ce 3.1069 | elapsed 1445s
iter  20000 | lr 0.000030 | ce 3.2937 | elapsed 1460s
    >> DEV iter 20000 ce=3.7311
    >> no improvement (6/6), best still 3.6973 @ iter 14000
iter  20200 | lr 0.000030 | ce 3.1260 | elapsed 1475s
iter  20400 | lr 0.000030 | ce 3.1969 | elapsed 1490s
iter  20600 | lr 0.000030 | ce 3.2672 | elapsed 1505s
iter  20800 | lr 0.000030 | ce 3.2207 | elapsed 1519s
iter  21000 | lr 0.000030 | ce 3.2614 | elapsed 1535s
    >> DEV iter 21000 ce=3.7388
    >> no improvement (7/6), best still 3.6973 @ iter 14000
iter  21200 | lr 0.000030 | ce 3.0659 | elapsed 1550s
iter  21400 | lr 0.000030 | ce 3.1274 | elapsed 1565s
iter  21600 | lr 0.000030 | ce 3.2464 | elapsed 1578s
iter  21800 | lr 0.000030 | ce 3.1489 | elapsed 1593s
iter  22000 | lr 0.000030 | ce 3.2694 | elapsed 1608s
    >> DEV iter 22000 ce=3.7483
    >> no improvement (8/6), best still 3.6973 @ iter 14000
iter  22200 | lr 0.000030 | ce 3.1064 | elapsed 1625s
iter  22400 | lr 0.000030 | ce 3.1467 | elapsed 1640s
iter  22600 | lr 0.000030 | ce 3.1249 | elapsed 1656s
iter  22800 | lr 0.000030 | ce 3.0541 | elapsed 1670s
    [FIX A] lr dropped 0.000030 → 0.000009 at iter 23000: HALF-reset patience (8/6 → 4/6)
iter  23000 | lr 0.000009 | ce 3.0713 | elapsed 1680s
    >> DEV iter 23000 ce=3.7461
    >> no improvement (5/6), best still 3.6973 @ iter 14000
    >> HARD STOP at iter 23000 (iters_since_best=9000 > max_no_improve=8000; FIX C — best @ iter 14000)
[OK] done in 28.0 min, best dev ce 3.6973
