[*] args: {'dataname': 'phix_lift3d', 'tokens_dir': 'D:\\Graduate thesis\\sign_slp_paper_release\\checkpoints\\phix\\tokens_v2/vq_M1M2_v2_interleaved', 'vq_ckpt': 'D:\\Graduate thesis\\sign_slp_paper_release\\checkpoints\\phix\\vq_v2\\vq_M1M2_v2.pt', 'exp_name': 'trans_M1M2_v2_mbart', 'out_dir': 'D:\\Graduate thesis\\sign_slp_paper_release\\checkpoints\\phix\\trans_v2\\_train_trans_M1M2_v2_mbart', 'mbart_name': 'facebook/mbart-large-50', 'lang': 'de_DE', 'text_encoder': 'mbart', 'char_vocab_path': None, 'char_enc_layers': 2, 'char_enc_dim': 0, 'char_enc_heads': 8, 'char_enc_dropout': 0.1, 'num_vq': 1344, 'embed_dim': 512, 'text_dim': 1024, 'block_size': 320, 'num_layers': 9, 'n_head': 8, 'drop_out_rate': 0.1, 'fc_rate': 4, 'align_dim': 0, 'lambda_align': 0.1, 'predict_length': 0, 'lambda_length': 0.2, 'gloss_supervised': 0, 'gloss_vocab_path': None, 'gloss_dec_layers': 2, 'gloss_dec_dim': 256, 'gloss_dec_heads': 4, 'gloss_max_len': 48, 'lambda_gloss': 0.5, 'batch_size': 16, 'total_iter': 20000, 'warm_up_iter': 1000, 'lr': 0.0001, 'lr_scheduler': [10000, 15000], 'gamma': 0.1, 'weight_decay': 1e-05, 'max_text_len': 128, 'freeze_text': 1, 'label_smoothing': 0.0, 'motion_token_mask_prob': 0.0, 'print_iter': 200, 'eval_iter': 1000, 'save_iter': 5000, 'num_workers': 0, 'seed': 42, 'device': 'cuda', 'early_stop_patience': 8, 'early_stop_min_delta': 0.001, 'min_iter_before_early_stop': 3000, 'max_no_improve_iter': 8000}
[*] loading mBART-50 tokenizer + encoder...
[*] mBART encoder FROZEN
[*] train: 7060, dev: 515
[*] CrossAttn Trans params: 39.91M
[*] FIX B: min_iter_before_early_stop bumped 3000 → 16000 (last lr milestone 15000 + 1000 buffer)
[*] FIX C: max_no_improve_iter = 8000 (hard stop if no new best for this many iters, regardless of lr resets)
iter      0 | lr 0.000000 | ce 7.2896 | elapsed 0s
iter    200 | lr 0.000020 | ce 6.6195 | elapsed 11s
iter    400 | lr 0.000040 | ce 5.5721 | elapsed 22s
iter    600 | lr 0.000060 | ce 4.9560 | elapsed 33s
iter    800 | lr 0.000080 | ce 4.7948 | elapsed 44s
iter   1000 | lr 0.000100 | ce 4.7155 | elapsed 54s
    >> DEV iter 1000 ce=4.7381
    >> SAVED best @ dev ce 4.7381 (iter 1000)
iter   1200 | lr 0.000100 | ce 4.6812 | elapsed 66s
iter   1400 | lr 0.000100 | ce 4.7026 | elapsed 77s
iter   1600 | lr 0.000100 | ce 4.6663 | elapsed 88s
iter   1800 | lr 0.000100 | ce 4.5823 | elapsed 98s
iter   2000 | lr 0.000100 | ce 4.5695 | elapsed 109s
    >> DEV iter 2000 ce=4.5734
    >> SAVED best @ dev ce 4.5734 (iter 2000)
iter   2200 | lr 0.000100 | ce 4.5177 | elapsed 121s
iter   2400 | lr 0.000100 | ce 4.5146 | elapsed 132s
iter   2600 | lr 0.000100 | ce 4.4724 | elapsed 142s
iter   2800 | lr 0.000100 | ce 4.4614 | elapsed 153s
iter   3000 | lr 0.000100 | ce 4.4380 | elapsed 164s
    >> DEV iter 3000 ce=4.4702
    >> SAVED best @ dev ce 4.4702 (iter 3000)
iter   3200 | lr 0.000100 | ce 4.3708 | elapsed 175s
iter   3400 | lr 0.000100 | ce 4.4179 | elapsed 186s
iter   3600 | lr 0.000100 | ce 4.3136 | elapsed 197s
iter   3800 | lr 0.000100 | ce 4.2810 | elapsed 208s
iter   4000 | lr 0.000100 | ce 4.3328 | elapsed 218s
    >> DEV iter 4000 ce=4.4267
    >> SAVED best @ dev ce 4.4267 (iter 4000)
iter   4200 | lr 0.000100 | ce 4.2572 | elapsed 230s
iter   4400 | lr 0.000100 | ce 4.3089 | elapsed 241s
iter   4600 | lr 0.000100 | ce 4.2332 | elapsed 252s
iter   4800 | lr 0.000100 | ce 4.2096 | elapsed 263s
iter   5000 | lr 0.000100 | ce 4.0953 | elapsed 273s
    >> DEV iter 5000 ce=4.4417
    >> no improvement (1/8), best still 4.4267 @ iter 4000
iter   5200 | lr 0.000100 | ce 4.1286 | elapsed 285s
iter   5400 | lr 0.000100 | ce 4.0316 | elapsed 296s
iter   5600 | lr 0.000100 | ce 4.0982 | elapsed 307s
iter   5800 | lr 0.000100 | ce 3.9159 | elapsed 318s
iter   6000 | lr 0.000100 | ce 3.9515 | elapsed 328s
    >> DEV iter 6000 ce=4.4839
    >> no improvement (2/8), best still 4.4267 @ iter 4000
iter   6200 | lr 0.000100 | ce 3.8878 | elapsed 340s
iter   6400 | lr 0.000100 | ce 3.8787 | elapsed 351s
iter   6600 | lr 0.000100 | ce 4.0411 | elapsed 362s
iter   6800 | lr 0.000100 | ce 3.7898 | elapsed 373s
iter   7000 | lr 0.000100 | ce 3.9626 | elapsed 384s
    >> DEV iter 7000 ce=4.5523
    >> no improvement (3/8), best still 4.4267 @ iter 4000
iter   7200 | lr 0.000100 | ce 3.7286 | elapsed 395s
iter   7400 | lr 0.000100 | ce 3.7971 | elapsed 406s
iter   7600 | lr 0.000100 | ce 3.7202 | elapsed 417s
iter   7800 | lr 0.000100 | ce 3.7267 | elapsed 428s
iter   8000 | lr 0.000100 | ce 3.5270 | elapsed 438s
    >> DEV iter 8000 ce=4.6952
    >> no improvement (4/8), best still 4.4267 @ iter 4000
iter   8200 | lr 0.000100 | ce 3.5772 | elapsed 450s
iter   8400 | lr 0.000100 | ce 3.4649 | elapsed 461s
iter   8600 | lr 0.000100 | ce 3.5362 | elapsed 472s
iter   8800 | lr 0.000100 | ce 3.6024 | elapsed 482s
iter   9000 | lr 0.000100 | ce 3.4336 | elapsed 493s
    >> DEV iter 9000 ce=4.8343
    >> no improvement (5/8), best still 4.4267 @ iter 4000
iter   9200 | lr 0.000100 | ce 3.4608 | elapsed 505s
iter   9400 | lr 0.000100 | ce 3.1780 | elapsed 515s
iter   9600 | lr 0.000100 | ce 3.3697 | elapsed 526s
iter   9800 | lr 0.000100 | ce 3.2301 | elapsed 537s
iter  10000 | lr 0.000100 | ce 3.3057 | elapsed 548s
    >> DEV iter 10000 ce=4.9869
    >> no improvement (6/8), best still 4.4267 @ iter 4000
iter  10200 | lr 0.000100 | ce 3.1104 | elapsed 559s
iter  10400 | lr 0.000100 | ce 3.1780 | elapsed 570s
iter  10600 | lr 0.000100 | ce 3.0492 | elapsed 581s
iter  10800 | lr 0.000100 | ce 3.0508 | elapsed 591s
    [FIX A] lr dropped 0.000100 → 0.000010 at iter 11000: HALF-reset patience (6/8 → 3/8)
iter  11000 | lr 0.000010 | ce 3.2076 | elapsed 602s
    >> DEV iter 11000 ce=5.1693
    >> no improvement (4/8), best still 4.4267 @ iter 4000
iter  11200 | lr 0.000010 | ce 2.9368 | elapsed 614s
iter  11400 | lr 0.000010 | ce 2.8256 | elapsed 625s
iter  11600 | lr 0.000010 | ce 2.8309 | elapsed 635s
iter  11800 | lr 0.000010 | ce 2.7556 | elapsed 646s
iter  12000 | lr 0.000010 | ce 2.8377 | elapsed 657s
    >> DEV iter 12000 ce=5.2520
    >> no improvement (5/8), best still 4.4267 @ iter 4000
iter  12200 | lr 0.000010 | ce 2.8050 | elapsed 668s
iter  12400 | lr 0.000010 | ce 2.7347 | elapsed 679s
iter  12600 | lr 0.000010 | ce 2.7199 | elapsed 690s
iter  12800 | lr 0.000010 | ce 2.7475 | elapsed 701s
iter  13000 | lr 0.000010 | ce 2.7155 | elapsed 711s
    >> DEV iter 13000 ce=5.3083
    >> no improvement (6/8), best still 4.4267 @ iter 4000
iter  13200 | lr 0.000010 | ce 2.8351 | elapsed 723s
iter  13400 | lr 0.000010 | ce 2.7476 | elapsed 733s
iter  13600 | lr 0.000010 | ce 2.6968 | elapsed 744s
iter  13800 | lr 0.000010 | ce 2.6050 | elapsed 755s
iter  14000 | lr 0.000010 | ce 2.7153 | elapsed 766s
    >> DEV iter 14000 ce=5.3571
    >> no improvement (7/8), best still 4.4267 @ iter 4000
iter  14200 | lr 0.000010 | ce 2.7072 | elapsed 777s
iter  14400 | lr 0.000010 | ce 2.6446 | elapsed 788s
iter  14600 | lr 0.000010 | ce 2.6558 | elapsed 799s
iter  14800 | lr 0.000010 | ce 2.6317 | elapsed 809s
iter  15000 | lr 0.000010 | ce 2.5878 | elapsed 820s
    >> DEV iter 15000 ce=5.4023
    >> no improvement (8/8), best still 4.4267 @ iter 4000
iter  15200 | lr 0.000010 | ce 2.6095 | elapsed 832s
iter  15400 | lr 0.000010 | ce 2.7339 | elapsed 843s
iter  15600 | lr 0.000010 | ce 2.5917 | elapsed 853s
iter  15800 | lr 0.000010 | ce 2.6785 | elapsed 864s
    [FIX A] lr dropped 0.000010 → 0.000001 at iter 16000: HALF-reset patience (8/8 → 4/8)
iter  16000 | lr 0.000001 | ce 2.6086 | elapsed 875s
    >> DEV iter 16000 ce=5.4522
    >> no improvement (5/8), best still 4.4267 @ iter 4000
    >> HARD STOP at iter 16000 (iters_since_best=12000 > max_no_improve=8000; FIX C — best @ iter 4000)
[OK] done in 14.6 min, best dev ce 4.4267
