[*] args: {'dataname': 'phix_lift3d', 'tokens_dir': 'D:\\Graduate thesis\\sign_slp_paper_release\\checkpoints\\phix\\tokens_v2\\vq_M1_v2_interleaved', 'vq_ckpt': 'D:\\Graduate thesis\\sign_slp_paper_release\\checkpoints\\phix\\vq_v2\\vq_M1_v2.pt', 'exp_name': 'trans_M1_v2_mbart', 'out_dir': 'D:\\Graduate thesis\\sign_slp_paper_release\\checkpoints\\phix\\trans_v2\\_train_trans_M1_v2_mbart', 'mbart_name': 'facebook/mbart-large-50', 'lang': 'de_DE', 'text_encoder': 'mbart', 'char_vocab_path': None, 'char_enc_layers': 2, 'char_enc_dim': 0, 'char_enc_heads': 8, 'char_enc_dropout': 0.1, 'num_vq': 1344, 'embed_dim': 512, 'text_dim': 1024, 'block_size': 320, 'num_layers': 9, 'n_head': 8, 'drop_out_rate': 0.1, 'fc_rate': 4, 'align_dim': 0, 'lambda_align': 0.1, 'predict_length': 0, 'lambda_length': 0.2, 'gloss_supervised': 0, 'gloss_vocab_path': None, 'gloss_dec_layers': 2, 'gloss_dec_dim': 256, 'gloss_dec_heads': 4, 'gloss_max_len': 48, 'lambda_gloss': 0.5, 'batch_size': 16, 'total_iter': 20000, 'warm_up_iter': 1000, 'lr': 0.0001, 'lr_scheduler': [10000, 15000], 'gamma': 0.1, 'weight_decay': 1e-05, 'max_text_len': 128, 'freeze_text': 1, 'label_smoothing': 0.0, 'motion_token_mask_prob': 0.0, 'print_iter': 200, 'eval_iter': 1000, 'save_iter': 5000, 'num_workers': 0, 'seed': 42, 'device': 'cuda', 'early_stop_patience': 8, 'early_stop_min_delta': 0.001, 'min_iter_before_early_stop': 3000, 'max_no_improve_iter': 8000}
[*] loading mBART-50 tokenizer + encoder...
[*] mBART encoder FROZEN
[*] train: 7060, dev: 515
[*] CrossAttn Trans params: 39.91M
[*] FIX B: min_iter_before_early_stop bumped 3000 → 16000 (last lr milestone 15000 + 1000 buffer)
[*] FIX C: max_no_improve_iter = 8000 (hard stop if no new best for this many iters, regardless of lr resets)
iter      0 | lr 0.000000 | ce 7.2819 | elapsed 0s
iter    200 | lr 0.000020 | ce 6.5874 | elapsed 8s
iter    400 | lr 0.000040 | ce 6.2075 | elapsed 15s
iter    600 | lr 0.000060 | ce 5.3221 | elapsed 22s
iter    800 | lr 0.000080 | ce 4.7723 | elapsed 30s
iter   1000 | lr 0.000100 | ce 4.3821 | elapsed 37s
    >> DEV iter 1000 ce=4.3802
    >> SAVED best @ dev ce 4.3802 (iter 1000)
iter   1200 | lr 0.000100 | ce 4.2307 | elapsed 45s
iter   1400 | lr 0.000100 | ce 4.0661 | elapsed 52s
iter   1600 | lr 0.000100 | ce 3.9602 | elapsed 59s
iter   1800 | lr 0.000100 | ce 3.8262 | elapsed 67s
iter   2000 | lr 0.000100 | ce 3.8236 | elapsed 74s
    >> DEV iter 2000 ce=3.8657
    >> SAVED best @ dev ce 3.8657 (iter 2000)
iter   2200 | lr 0.000100 | ce 3.8270 | elapsed 82s
iter   2400 | lr 0.000100 | ce 3.7595 | elapsed 89s
iter   2600 | lr 0.000100 | ce 3.6611 | elapsed 96s
iter   2800 | lr 0.000100 | ce 3.6452 | elapsed 104s
iter   3000 | lr 0.000100 | ce 3.5821 | elapsed 111s
    >> DEV iter 3000 ce=3.7694
    >> SAVED best @ dev ce 3.7694 (iter 3000)
iter   3200 | lr 0.000100 | ce 3.3961 | elapsed 119s
iter   3400 | lr 0.000100 | ce 3.5921 | elapsed 126s
iter   3600 | lr 0.000100 | ce 3.4681 | elapsed 133s
iter   3800 | lr 0.000100 | ce 3.4367 | elapsed 141s
iter   4000 | lr 0.000100 | ce 3.4198 | elapsed 148s
    >> DEV iter 4000 ce=3.7740
    >> no improvement (1/8), best still 3.7694 @ iter 3000
iter   4200 | lr 0.000100 | ce 3.4056 | elapsed 156s
iter   4400 | lr 0.000100 | ce 3.3964 | elapsed 163s
iter   4600 | lr 0.000100 | ce 3.3355 | elapsed 170s
iter   4800 | lr 0.000100 | ce 3.1932 | elapsed 178s
iter   5000 | lr 0.000100 | ce 3.1531 | elapsed 185s
    >> DEV iter 5000 ce=3.8494
    >> no improvement (2/8), best still 3.7694 @ iter 3000
iter   5200 | lr 0.000100 | ce 3.1322 | elapsed 193s
iter   5400 | lr 0.000100 | ce 3.0191 | elapsed 200s
iter   5600 | lr 0.000100 | ce 3.1391 | elapsed 207s
iter   5800 | lr 0.000100 | ce 2.8782 | elapsed 215s
iter   6000 | lr 0.000100 | ce 2.9446 | elapsed 222s
    >> DEV iter 6000 ce=3.9623
    >> no improvement (3/8), best still 3.7694 @ iter 3000
iter   6200 | lr 0.000100 | ce 2.7665 | elapsed 230s
iter   6400 | lr 0.000100 | ce 2.7704 | elapsed 237s
iter   6600 | lr 0.000100 | ce 2.8635 | elapsed 244s
iter   6800 | lr 0.000100 | ce 2.5394 | elapsed 252s
iter   7000 | lr 0.000100 | ce 2.7835 | elapsed 259s
    >> DEV iter 7000 ce=4.1399
    >> no improvement (4/8), best still 3.7694 @ iter 3000
iter   7200 | lr 0.000100 | ce 2.4644 | elapsed 267s
iter   7400 | lr 0.000100 | ce 2.6336 | elapsed 274s
iter   7600 | lr 0.000100 | ce 2.4190 | elapsed 281s
iter   7800 | lr 0.000100 | ce 2.4050 | elapsed 289s
iter   8000 | lr 0.000100 | ce 2.2056 | elapsed 296s
    >> DEV iter 8000 ce=4.3952
    >> no improvement (5/8), best still 3.7694 @ iter 3000
iter   8200 | lr 0.000100 | ce 2.2561 | elapsed 304s
iter   8400 | lr 0.000100 | ce 2.0639 | elapsed 311s
iter   8600 | lr 0.000100 | ce 2.1982 | elapsed 318s
iter   8800 | lr 0.000100 | ce 2.2103 | elapsed 326s
iter   9000 | lr 0.000100 | ce 2.0587 | elapsed 333s
    >> DEV iter 9000 ce=4.6437
    >> no improvement (6/8), best still 3.7694 @ iter 3000
iter   9200 | lr 0.000100 | ce 2.1338 | elapsed 341s
iter   9400 | lr 0.000100 | ce 1.7848 | elapsed 348s
iter   9600 | lr 0.000100 | ce 1.9453 | elapsed 355s
iter   9800 | lr 0.000100 | ce 1.8139 | elapsed 362s
iter  10000 | lr 0.000100 | ce 1.9071 | elapsed 370s
    >> DEV iter 10000 ce=4.8886
    >> no improvement (7/8), best still 3.7694 @ iter 3000
iter  10200 | lr 0.000100 | ce 1.7223 | elapsed 377s
iter  10400 | lr 0.000100 | ce 1.7300 | elapsed 385s
iter  10600 | lr 0.000100 | ce 1.5328 | elapsed 392s
iter  10800 | lr 0.000100 | ce 1.5458 | elapsed 399s
    [FIX A] lr dropped 0.000100 → 0.000010 at iter 11000: HALF-reset patience (7/8 → 3/8)
iter  11000 | lr 0.000010 | ce 1.7227 | elapsed 407s
    >> DEV iter 11000 ce=5.1432
    >> no improvement (4/8), best still 3.7694 @ iter 3000
iter  11200 | lr 0.000010 | ce 1.4263 | elapsed 414s
iter  11400 | lr 0.000010 | ce 1.3363 | elapsed 422s
iter  11600 | lr 0.000010 | ce 1.2760 | elapsed 429s
iter  11800 | lr 0.000010 | ce 1.2791 | elapsed 436s
iter  12000 | lr 0.000010 | ce 1.3344 | elapsed 443s
    >> DEV iter 12000 ce=5.2661
    >> no improvement (5/8), best still 3.7694 @ iter 3000
iter  12200 | lr 0.000010 | ce 1.2570 | elapsed 451s
iter  12400 | lr 0.000010 | ce 1.1757 | elapsed 458s
iter  12600 | lr 0.000010 | ce 1.1820 | elapsed 466s
iter  12800 | lr 0.000010 | ce 1.1823 | elapsed 473s
iter  13000 | lr 0.000010 | ce 1.2149 | elapsed 480s
    >> DEV iter 13000 ce=5.3551
    >> no improvement (6/8), best still 3.7694 @ iter 3000
iter  13200 | lr 0.000010 | ce 1.2158 | elapsed 488s
iter  13400 | lr 0.000010 | ce 1.2308 | elapsed 495s
iter  13600 | lr 0.000010 | ce 1.1919 | elapsed 503s
iter  13800 | lr 0.000010 | ce 1.1091 | elapsed 510s
iter  14000 | lr 0.000010 | ce 1.1262 | elapsed 517s
    >> DEV iter 14000 ce=5.4385
    >> no improvement (7/8), best still 3.7694 @ iter 3000
iter  14200 | lr 0.000010 | ce 1.1234 | elapsed 525s
iter  14400 | lr 0.000010 | ce 1.1380 | elapsed 532s
iter  14600 | lr 0.000010 | ce 1.0519 | elapsed 539s
iter  14800 | lr 0.000010 | ce 1.1660 | elapsed 547s
iter  15000 | lr 0.000010 | ce 1.0321 | elapsed 554s
    >> DEV iter 15000 ce=5.5159
    >> no improvement (8/8), best still 3.7694 @ iter 3000
iter  15200 | lr 0.000010 | ce 1.0654 | elapsed 562s
iter  15400 | lr 0.000010 | ce 1.0801 | elapsed 569s
iter  15600 | lr 0.000010 | ce 1.0728 | elapsed 577s
iter  15800 | lr 0.000010 | ce 1.0740 | elapsed 584s
    [FIX A] lr dropped 0.000010 → 0.000001 at iter 16000: HALF-reset patience (8/8 → 4/8)
iter  16000 | lr 0.000001 | ce 1.0394 | elapsed 591s
    >> DEV iter 16000 ce=5.5920
    >> no improvement (5/8), best still 3.7694 @ iter 3000
    >> HARD STOP at iter 16000 (iters_since_best=13000 > max_no_improve=8000; FIX C — best @ iter 3000)
[OK] done in 9.9 min, best dev ce 3.7694
